
> build
> npm run typecheck && npm run build --workspace apps/web && npm run build --workspace apps/server


> typecheck
> tsc -p packages/shared && tsc -p apps/server && tsc -p apps/web


> build
> vite build

vite v7.3.6 building client environment for production...
transforming...
../../node_modules/zod/v4/core/util.js (400:0): A comment

"// Wrapped in a `@__PURE__` IIFE: esbuild never tree-shakes a top-level initializer that contains a member access on `Number`, so the bare object literal survived into every bundle."

in "../../node_modules/zod/v4/core/util.js" contains an annotation that Rollup cannot interpret due to the position of the comment. The comment will be removed to avoid issues.
../../node_modules/zod/v4/core/regexes.js (74:0): A comment

"/** Anchors a pattern source. The interpolation lives here rather than at the call site because
 * esbuild will not drop a `@__PURE__` call whose own argument interpolates a variable, but it
 * will drop `anchor(dateSource)`. Keeping it inline pinned `date` into every bundle. */"

in "../../node_modules/zod/v4/core/regexes.js" contains an annotation that Rollup cannot interpret due to the position of the comment. The comment will be removed to avoid issues.
✓ 2313 modules transformed.
rendering chunks...
computing gzip size...
dist/index.html                  0.33 kB │ gzip:   0.24 kB
dist/assets/index-BD46GkgR.js  667.44 kB │ gzip: 196.62 kB
✓ built in 11.02s

> build
> node build.mjs


  dist/main.js  62.9kb

⚡ Done in 19ms
exit 0
